> 200+250*3+289.5+300*2
[1] 1839.5
> (200+250*3+289.5+300*2)/7
[1] 262.7857
> (195.53+187.99+178.47+151.13+205.85+185.31+151.42)/7
[1] 179.3857
> 200**2
[1] 40000
> 200^2
[1] 40000
> 20^2
[1] 400
> (200*250^3*289.5*300^2)^(1/7)
[1] 260.5075
> (195.53*187.99*178.47*151.13*205.85*185.31*151.42)^(1/7)
[1] 178.2905
> exp(1)
[1] 2.718282
> ln(2.7182)
Error in ln(2.7182) : could not find function "ln"
> log(2.7182)
[1] 0.9999699
> 7/(1/200+2/250+1/289.5+2/300)
[1] 302.7564
> 7/(1/195.53+1/187.99+1/178.47+1/151.13+1/205.85+1/185.31+1/151.42)
[1] 177.1607
> 7/(1/200+3/250+1/289.5+2/300)
[1] 258.1035
> sort(c(200.,    250.,   250.,   300.,   289.5, 300.,   250))
[1] 200.0 250.0 250.0 250.0 289.5 300.0 300.0
> print(sort(c(200.,    250.,   250.,   300.,   289.5, 300.,   250)), sep=' | ')
[1] 200.0 250.0 250.0 250.0 289.5 300.0 300.0
> (178.47 + 185.31)/2
[1] 181.89
> ((200-262.7857)^2+3*(250-262.7857)^2+(289.5-262.7857)^2+2*(300-262.7857)^2)/7
[1] 1130.847
> ((200-262.7857)^2+3*(250-262.7857)^2+(289.5-262.7857)^2+2*(300-262.7857)^2)/6
[1] 1319.321
> ((151.13-179.3857)^2+(151.42-179.3857)^2+(178.47-179.3857)^2+(185.31-179.3857)^2+(187.99-179.3857)^2+(195.53-179.3857)^2+(205.85-179.3857)^2)/7
[1] 378.7761
> ((151.13-179.3857)^2+(151.42-179.3857)^2+(178.47-179.3857)^2+(185.31-179.3857)^2+(187.99-179.3857)^2+(195.53-179.3857)^2+(205.85-179.3857)^2)/6
[1] 441.9054
> sqrt(1130.847)
[1] 33.62807
> sqrt(378.7761)
[1] 19.46217
> sqrt(1319.321)
[1] 36.32246
> sqrt(441.9054)
[1] 21.02155
> 195.53 - 151.42
[1] 44.11
> ((195.53+187.99)-(178.47+151.42))/2
[1] 26.815
> (195.53+187.99-151.42-178.47)/2
[1] 26.815
> 205.85 - 151.13
[1] 54.72
> 33.62807/262.7857
[1] 0.1279677
> 36.32246/262.7857
[1] 0.1382208
> 21.02155/179.3857
[1] 0.1171863
> 19.46217/179.3857
[1] 0.1084934
> q()

